rtuHandler.c:108:6:InitMBSlave	64	static
rtuHandler.c:158:6:StartMBSlave	16	static
rtuHandler.c:177:6:InitMBMaster	64	static
rtuHandler.c:218:6:WaitingResponse	16	static
rtuHandler.c:231:6:MBSlave_HAL_UART_RxCpltCallback	16	static
rtuHandler.c:288:6:MBMaster_HAL_UART_RxCpltCallback	16	static
rtuHandler.c:345:6:MBUnit_HAL_UART_ErrorCallback	24	static
rtuHandler.c:358:6:MBSlave_HAL_TIM_PeriodElapsedCallback	152	static
rtuHandler.c:414:6:MBMaster_HAL_TIM_PeriodElapsedCallback	24	static
rtuHandler.c:465:6:MBUnit_HAL_TIM_ErrorCallback	16	static
rtuHandler.c:480:6:AddToXBuffer	16	static
rtuHandler.c:495:6:ClearXBuffer	16	static
rtuHandler.c:503:10:BytesToReg	24	static
rtuHandler.c:510:10:RegToBytes	16	static
rtuHandler.c:520:6:CalcTimerPeriod	32	static
rtuHandler.c:562:10:CalculateCRC	24	static
rtuHandler.c:592:6:Modify_TIM	24	static
rtuHandler.c:612:6:Modify_UART	24	static
rtuHandler.c:633:6:Set_Coil	16	static
rtuHandler.c:641:6:Set_Reg	16	static
rtuHandler.c:649:9:Get_Coil	24	static
rtuHandler.c:661:10:Get_Reg	24	static
rtuHandler.c:673:6:EnableRxMode	16	static
rtuHandler.c:679:6:EnableTxMode	16	static
rtuHandler.c:685:6:TransmitXBuffer	16	static
rtuHandler.c:714:6:ProcessMBRequest	160	static
rtuHandler.c:773:5:ProcessFC1	168	static
rtuHandler.c:864:5:ProcessFC15	208	dynamic
rtuHandler.c:964:5:ProcessFC3	176	static
rtuHandler.c:1027:5:ProcessFC16	200	dynamic
rtuHandler.c:1103:10:ReadCoils	88	dynamic
rtuHandler.c:1221:5:WriteCoils	64	static
rtuHandler.c:1356:5:ReadRegisters	32	static
rtuHandler.c:1373:5:WriteRegisters	24	static
rtuHandler.c:1379:6:HandleError	16	static
rtuHandler.c:1418:6:HandleException	64	static
