main.c:82:6:printMsg	120	static
main.c:98:6:SelectADCChannel	16	static
main.c:103:6:GPIOMapping	4	static
main.c:116:5:main	72	static
main.c:249:6:SystemClock_Config	88	static
main.c:292:13:MX_ADC1_Init	24	static
main.c:337:13:MX_TIM2_Init	32	static
main.c:382:13:MX_TIM3_Init	32	static
main.c:427:13:MX_TIM4_Init	32	static
main.c:472:13:MX_USART1_UART_Init	8	static
main.c:505:13:MX_USART3_UART_Init	8	static
main.c:538:13:MX_GPIO_Init	32	static
main.c:593:6:HAL_UART_RxCpltCallback	16	static
main.c:598:6:HAL_UART_ErrorCallback	16	static
main.c:604:6:HAL_TIM_PeriodElapsedCallback	16	static
main.c:609:6:HAL_TIM_ErrorCallback	16	static
main.c:615:6:HAL_GPIO_EXTI_Callback	16	static
main.c:627:6:Error_Handler	4	static,ignoring_inline_asm
