rtuHandler.c:115:6:InitMBSlave	64	static
rtuHandler.c:165:6:StartMBSlave	16	static
rtuHandler.c:184:6:InitMBMaster	64	static
rtuHandler.c:231:6:WaitingResponse	16	static
rtuHandler.c:244:6:MBSlave_HAL_UART_RxCpltCallback	16	static
rtuHandler.c:301:6:MBMaster_HAL_UART_RxCpltCallback	16	static
rtuHandler.c:358:6:MBUnit_HAL_UART_ErrorCallback	24	static
rtuHandler.c:371:6:MBSlave_HAL_TIM_PeriodElapsedCallback	160	static
rtuHandler.c:425:6:MBMaster_HAL_TIM_PeriodElapsedCallback	16	static
rtuHandler.c:482:6:MBUnit_HAL_TIM_ErrorCallback	16	static
rtuHandler.c:497:6:AddToXBuffer	16	static
rtuHandler.c:512:6:ClearXBuffer	16	static
rtuHandler.c:520:10:BytesToReg	24	static
rtuHandler.c:527:10:RegToBytes	16	static
rtuHandler.c:537:6:CalcTimerPeriod	32	static
rtuHandler.c:579:10:CalculateCRC	24	static
rtuHandler.c:609:6:Modify_TIM	24	static
rtuHandler.c:629:6:Modify_UART	24	static
rtuHandler.c:650:6:Set_Coil	16	static
rtuHandler.c:658:6:Set_Reg	16	static
rtuHandler.c:666:9:Get_Coil	24	static
rtuHandler.c:678:10:Get_Reg	24	static
rtuHandler.c:690:6:EnableRxMode	16	static
rtuHandler.c:696:6:EnableTxMode	16	static
rtuHandler.c:702:6:TransmitXBuffer	16	static
rtuHandler.c:731:6:ProcessMBRequest	160	static
rtuHandler.c:786:5:ProcessFC1	176	static
rtuHandler.c:877:5:ProcessFC15	216	dynamic
rtuHandler.c:977:5:ProcessFC3	176	static
rtuHandler.c:1040:5:ProcessFC16	200	dynamic
rtuHandler.c:1116:10:ReadCoils	88	dynamic
rtuHandler.c:1234:5:WriteCoils	64	static
rtuHandler.c:1375:5:ReadRegisters	56	static
rtuHandler.c:1465:5:WriteRegisters	64	static
rtuHandler.c:1570:6:HandleError	16	static
rtuHandler.c:1609:6:HandleException	64	static
