main.c:100:6:printMsg	120	static
main.c:116:6:SelectADCChannel	32	static
main.c:132:6:GPIOMapping	16	static
main.c:215:5:main	64	static
main.c:292:6:SystemClock_Config	88	static
main.c:335:13:MX_ADC1_Init	24	static
main.c:380:13:MX_TIM1_Init	96	static
main.c:455:13:MX_TIM3_Init	32	static
main.c:500:13:MX_TIM4_Init	32	static
main.c:545:13:MX_USART1_UART_Init	8	static
main.c:578:13:MX_USART3_UART_Init	8	static
main.c:611:13:MX_GPIO_Init	32	static
main.c:649:6:HAL_UART_RxCpltCallback	16	static
main.c:654:6:HAL_UART_ErrorCallback	16	static
main.c:659:6:HAL_TIM_PeriodElapsedCallback	16	static
main.c:664:6:HAL_TIM_ErrorCallback	16	static
main.c:677:6:Error_Handler	4	static,ignoring_inline_asm
